[backblue.gif]
[fade.gif]
[index.html]
[museopedrodeosma.org/comments/feed/index.html]
[museopedrodeosma.org/feed/index.html]
[museopedrodeosma.org/wp-includes/js/jquery/jqueryc1d8.js]
[museopedrodeosma.org/wp-includes/js/jquery/jquery-migrate.min1576.js]
[museopedrodeosma.org/wp-content/themes/Divi 2.5.5/Divi-2.5.5/includes/builder/scripts/jquery.hashchange4468.js]
[museopedrodeosma.org/wp-content/plugins/responsive-tabs-pro/js/rtbs.mincb20.js]
[museopedrodeosma.org/wp-json/index.html]
[museopedrodeosma.org/wp-includes/wlwmanifest.xml]
[maxcdn.bootstrapcdn.com/font-awesome/4.5.0/css/font-awesome.min.css]
[api.at.getsocial.io/widget/v1/gs_async5445.js]
[museopedrodeosma.org/wp-content/plugins/qtranslate-x/flags/es.png]
[museopedrodeosma.org/wp-content/plugins/qtranslate-x/flags/gb.png]
[museopedrodeosma.org/wp-content/uploads/2016/03/FAV1.png]
[museopedrodeosma.org/wp-content/uploads/2016/02/logos-museo-pedro-de-osma.png]
[museopedrodeosma.org/wp-content/uploads/2016/01/1.jpg]
[museopedrodeosma.org/wp-content/uploads/2016/02/ba2.jpg]
[museopedrodeosma.org/wp-content/uploads/2016/01/4.jpg]
[museopedrodeosma.org/wp-content/uploads/2016/02/ba1.jpg]
[museopedrodeosma.org/wp-content/uploads/2016/02/ba4.jpg]
[museopedrodeosma.org/wp-content/uploads/2016/01/5.jpg]
[museopedrodeosma.org/wp-content/uploads/2016/02/ba3.jpg]
[museopedrodeosma.org/wp-content/uploads/2016/02/logo-pie.png]
[museopedrodeosma.org/wp-content/themes/Divi 2.5.5/Divi-2.5.5/includes/builder/scripts/frontend-builder-global-functions4468.js]
[museopedrodeosma.org/wp-includes/js/masonry.min0226.js]
[museopedrodeosma.org/wp-includes/js/jquery/jquery.masonry.min0226.js]
[museopedrodeosma.org/wp-content/themes/Divi 2.5.5/Divi-2.5.5/js/custom4468.js]
[museopedrodeosma.org/wp-content/themes/Divi 2.5.5/Divi-2.5.5/includes/builder/scripts/jquery.fitvids4468.js]
[museopedrodeosma.org/wp-content/themes/Divi 2.5.5/Divi-2.5.5/includes/builder/scripts/waypoints.min4468.js]
[museopedrodeosma.org/wp-content/themes/Divi 2.5.5/Divi-2.5.5/includes/builder/scripts/jquery.magnific-popup4468.js]
[museopedrodeosma.org/wp-content/themes/Divi 2.5.5/Divi-2.5.5/includes/builder/scripts/frontend-builder-scripts4468.js]
[museopedrodeosma.org/wp-includes/js/wp-embed.mincb20.js]
[museopedrodeosma.org/index.html]
[museopedrodeosma.org/xmlrpc.html]
[fonts.googleapis.com/css029a.css]
[museopedrodeosma.org/xmlrpc0db0.html]
[museopedrodeosma.org/es/index.html]
[museopedrodeosma.org/wp-content/uploads/2016/01/2.jpg]
[museopedrodeosma.org/en/index.html]
[museopedrodeosma.org/wp-json/oembed/1.0/embedc7d2.json]
[museopedrodeosma.org/wp-json/oembed/1.0/embedc50f]
[museopedrodeosma.org/wp-content/uploads/2016/01/BANNER1.jpg]
[museopedrodeosma.org/wp-content/uploads/2016/03/14-15-p.jpg]
[museopedrodeosma.org/wp-content/uploads/2016/01/31.jpg]
[museopedrodeosma.org/el-museo/index.html]
[museopedrodeosma.org/wp-json/oembed/1.0/embed2c03.json]
[museopedrodeosma.org/wp-json/oembed/1.0/embedaeac]
[museopedrodeosma.org/wp-content/uploads/2016/03/79-p.jpg]
[museopedrodeosma.org/quienes-somos/index.html]
[museopedrodeosma.org/wp-json/oembed/1.0/embedfb79.json]
[museopedrodeosma.org/wp-json/oembed/1.0/embed8c1c]
[museopedrodeosma.org/wp-content/uploads/2016/03/his1.jpg]
[museopedrodeosma.org/historia/index.html]
[museopedrodeosma.org/wp-json/oembed/1.0/embed5043.json]
[museopedrodeosma.org/en/feed/index.html]
[museopedrodeosma.org/wp-json/oembed/1.0/embed98d1]
[museopedrodeosma.org/wp-content/uploads/2016/01/equipo.jpg]
[museopedrodeosma.org/en/comments/feed/index.html]
[museopedrodeosma.org/quienes-somos-2/index.html]
[museopedrodeosma.org/en/wp-json/index.html]
[museopedrodeosma.org/wp-content/uploads/2016/01/visitanos1.jpg]
[museopedrodeosma.org/visitanos/index.html]
[museopedrodeosma.org/audio-guias/index.html]
[museopedrodeosma.org/educacion/index.html]
[museopedrodeosma.org/wp-content/uploads/2016/01/ESCOLARES1.jpg]
[museopedrodeosma.org/wp-json/oembed/1.0/embede64d]
[museopedrodeosma.org/wp-content/uploads/2016/01/FAM1-1.jpg]
[museopedrodeosma.org/familias/index.html]
[museopedrodeosma.org/wp-json/oembed/1.0/embed6e33.json]
[museopedrodeosma.org/wp-json/oembed/1.0/embed0fd9]
[museopedrodeosma.org/wp-content/uploads/2016/01/ADULTO1.jpg]
[museopedrodeosma.org/adulto-mayor/index.html]
[museopedrodeosma.org/wp-json/oembed/1.0/embedd0aa.json]
[museopedrodeosma.org/wp-json/oembed/1.0/embed14ce]
[museopedrodeosma.org/recursos/index.html]
[museopedrodeosma.org/wp-json/oembed/1.0/embed5ff7.json]
[museopedrodeosma.org/wp-json/oembed/1.0/embed6cad]
[museopedrodeosma.org/coleccion/index.html]
[museopedrodeosma.org/wp-content/uploads/2016/01/588.jpg]
[museopedrodeosma.org/wp-json/oembed/1.0/embed67a2.json]
[museopedrodeosma.org/wp-json/oembed/1.0/embed3c06]
[museopedrodeosma.org/wp-content/uploads/2016/04/Manierismo-1.jpg]
[museopedrodeosma.org/wp-content/uploads/2016/04/Virgen-del-Cetro.jpg]
[museopedrodeosma.org/wp-content/uploads/2016/04/Manierismo2.jpg]
[museopedrodeosma.org/wp-content/uploads/2016/04/35-p.jpg]
[museopedrodeosma.org/wp-content/uploads/2016/04/37-p.jpg]
[museopedrodeosma.org/wp-content/uploads/2016/04/Sala-de-Alegorías-1.jpg]
[museopedrodeosma.org/wp-content/uploads/2016/04/Nave-de-la-Iglesia.jpg]
[museopedrodeosma.org/wp-content/uploads/2016/04/Adán-y-Eva.jpg]
[museopedrodeosma.org/wp-content/uploads/2016/04/Alegorías.jpg]
[museopedrodeosma.org/wp-content/uploads/2016/04/corona.jpg]
[museopedrodeosma.org/wp-content/uploads/2016/04/Retratos.jpg]
[museopedrodeosma.org/wp-content/uploads/2016/04/82.0.527_T.jpg]
[museopedrodeosma.org/wp-content/uploads/2016/04/Retrato.jpg]
[museopedrodeosma.org/wp-content/uploads/2016/04/Sala-Advocaciones.jpg]
[museopedrodeosma.org/wp-content/uploads/2016/04/Pomata.jpg]
[museopedrodeosma.org/wp-content/uploads/2016/04/Cocharcas.jpg]
[museopedrodeosma.org/wp-content/uploads/2016/04/Nácar.jpg]
[museopedrodeosma.org/wp-content/uploads/2016/04/Tenerife.jpg]
[museopedrodeosma.org/wp-content/uploads/2016/04/Sala-Escuela-Cuzqueña-siglo-XVII.jpg]
[museopedrodeosma.org/wp-content/uploads/2016/04/56-p.jpg]
[museopedrodeosma.org/wp-content/uploads/2016/04/73-p.jpg]
[museopedrodeosma.org/wp-content/uploads/2016/04/55-p.jpg]
[museopedrodeosma.org/wp-content/uploads/2016/04/Cuzco-Siglo-XVII.jpg]
[museopedrodeosma.org/wp-content/uploads/2016/04/Sala-Ángeles-y-Arcángeles.jpg]
[museopedrodeosma.org/wp-content/uploads/2016/04/Arcángel-Arcabucero-web.jpg]
[museopedrodeosma.org/wp-content/uploads/2016/04/87-p.jpg]
[museopedrodeosma.org/wp-content/uploads/2016/04/FA.1.84_T.jpg]
[museopedrodeosma.org/wp-content/uploads/2016/04/89-p.jpg]
[museopedrodeosma.org/wp-content/uploads/2016/04/Sala-Escuela-Cuzqueña-Siglo-XVIII-2.jpg]
[museopedrodeosma.org/wp-content/uploads/2016/04/Unión-de-la-descendencia-imperial-incaica-con-la-Casa-reducida-1.jpg]
[museopedrodeosma.org/wp-content/uploads/2016/04/79-p.jpg]
[museopedrodeosma.org/wp-content/uploads/2016/04/105-p.jpg]
[museopedrodeosma.org/wp-content/uploads/2016/04/Procesión.jpg]
[museopedrodeosma.org/wp-content/uploads/2016/04/Cristo.jpg]
[museopedrodeosma.org/wp-content/uploads/2016/04/PiedradeHuamanga.jpg]
[museopedrodeosma.org/wp-content/uploads/2016/04/Huamanga.jpg]
[museopedrodeosma.org/wp-content/uploads/2016/04/155-p.jpg]
[museopedrodeosma.org/wp-content/uploads/2016/04/151-p.jpg]
[museopedrodeosma.org/wp-content/uploads/2016/04/153-p.jpg]
[museopedrodeosma.org/wp-content/uploads/2016/04/147-p.jpg]
[museopedrodeosma.org/wp-content/uploads/2016/04/149-p.jpg]
[museopedrodeosma.org/wp-content/uploads/2016/04/Sala-de-Esculturas-1.jpg]
[museopedrodeosma.org/wp-content/uploads/2016/04/119-p.jpg]
[museopedrodeosma.org/wp-content/uploads/2016/04/131-p.jpg]
[museopedrodeosma.org/wp-content/uploads/2016/04/127-p.jpg]
[museopedrodeosma.org/wp-content/uploads/2016/04/111-p.jpg]
[museopedrodeosma.org/wp-content/uploads/2016/04/139-p.jpg]
[museopedrodeosma.org/wp-content/uploads/2016/04/123-2-p.jpg]
[museopedrodeosma.org/wp-content/uploads/2016/04/Platería.jpg]
[museopedrodeosma.org/wp-content/uploads/2016/04/159-p.jpg]
[museopedrodeosma.org/wp-content/uploads/2016/04/161-p.jpg]
[museopedrodeosma.org/wp-content/uploads/2016/04/165-p.jpg]
[museopedrodeosma.org/wp-content/uploads/2016/04/MPO-91_J.jpg]
[museopedrodeosma.org/wp-content/uploads/2016/04/167-p.jpg]
[museopedrodeosma.org/wp-content/uploads/2016/04/169-p.jpg]
[museopedrodeosma.org/wp-content/uploads/2016/04/82.0.2128_T.jpg]
[museopedrodeosma.org/temas/index.html]
[museopedrodeosma.org/wp-json/oembed/1.0/embed5804.json]
[museopedrodeosma.org/wp-json/oembed/1.0/embedd307]
[museopedrodeosma.org/wp-content/uploads/2016/01/MAPA1.jpg]
[museopedrodeosma.org/mapa-de-las-salas-del-museo/index.html]
[museopedrodeosma.org/wp-json/oembed/1.0/embedd311.json]
[museopedrodeosma.org/wp-json/oembed/1.0/embedb396]
[museopedrodeosma.org/taller-de-restauracion-2/index.html]
[museopedrodeosma.org/wp-content/uploads/2016/01/CO2.jpg]
[museopedrodeosma.org/wp-json/oembed/1.0/embedb9fc.json]
[museopedrodeosma.org/wp-json/oembed/1.0/embed9e4c]
[museopedrodeosma.org/wp-content/uploads/2016/05/Post-fb-01-web-1-400x250.jpg]
[museopedrodeosma.org/wp-content/uploads/2016/04/Italian-Glamour3-400x250.jpg]
[museopedrodeosma.org/wp-content/uploads/2016/04/Ñusta-Beatriz-web.jpg]
[museopedrodeosma.org/wp-content/uploads/2016/02/blog2-400x250.jpg]
[museopedrodeosma.org/wp-content/uploads/2016/02/blog1-400x250.jpg]
[museopedrodeosma.org/wp-content/uploads/2016/01/FONDO4.jpg]
[museopedrodeosma.org/wp-content/themes/Divi 2.5.5/Divi-2.5.5/includes/builder/scripts/salvattore.min4468.js]
[museopedrodeosma.org/agenda/index.html]
[museopedrodeosma.org/wp-json/oembed/1.0/embed8f27.json]
[museopedrodeosma.org/wp-json/oembed/1.0/embed0eef]
[museopedrodeosma.org/wp-content/uploads/2016/01/serviucio1.jpg]
[museopedrodeosma.org/wp-content/uploads/2016/01/ser3-1.jpg]
[museopedrodeosma.org/servicios/index.html]
[museopedrodeosma.org/wp-json/oembed/1.0/embed27eb.json]
[museopedrodeosma.org/wp-json/oembed/1.0/embed4ca5]
[museopedrodeosma.org/wp-content/uploads/2016/01/EV1.jpg]
[museopedrodeosma.org/eventos-corporativos/index.html]
[museopedrodeosma.org/wp-json/oembed/1.0/embed60a6.json]
[museopedrodeosma.org/wp-json/oembed/1.0/embed7ac1]
[museopedrodeosma.org/wp-content/uploads/2016/01/EV2.jpg]
[museopedrodeosma.org/sesion-de-fotos-filmaciones/index.html]
[museopedrodeosma.org/wp-json/oembed/1.0/embed473f.json]
[museopedrodeosma.org/wp-json/oembed/1.0/embed07fd]
[museopedrodeosma.org/reproduccion-de-imagen/index.html]
[museopedrodeosma.org/wp-content/uploads/2016/01/REP1.jpg]
[museopedrodeosma.org/wp-json/oembed/1.0/embed5b62.json]
[museopedrodeosma.org/wp-json/oembed/1.0/embed0827]
[museopedrodeosma.org/taller-de-restauracion/index.html]
[museopedrodeosma.org/wp-content/uploads/2016/01/TALLER2.jpg]
[fonts.googleapis.com/cssb8af.css]
[museopedrodeosma.org/en/wp-json/oembed/1.0/embed8f76.json]
[museopedrodeosma.org/en/el-museo/index.html]
[museopedrodeosma.org/en/wp-json/oembed/1.0/embedbf0b]
[museopedrodeosma.org/en/wp-json/oembed/1.0/embed9719.json]
[museopedrodeosma.org/en/quienes-somos/index.html]
[museopedrodeosma.org/en/wp-json/oembed/1.0/embed94de]
[museopedrodeosma.org/en/wp-json/oembed/1.0/embed9ec7.json]
[museopedrodeosma.org/en/historia/index.html]
[museopedrodeosma.org/en/wp-json/oembed/1.0/embed4ec1]
[museopedrodeosma.org/en/wp-json/oembed/1.0/embedd6b8.json]
[museopedrodeosma.org/en/quienes-somos-2/index.html]
[museopedrodeosma.org/en/wp-json/oembed/1.0/embed6090]
[museopedrodeosma.org/en/wp-json/oembed/1.0/embed9c84.json]
[museopedrodeosma.org/en/visitanos/index.html]
[museopedrodeosma.org/en/wp-json/oembed/1.0/embedd688]
[museopedrodeosma.org/en/wp-json/oembed/1.0/embed4aa8.json]
[museopedrodeosma.org/en/audio-guias/index.html]
[museopedrodeosma.org/en/wp-json/oembed/1.0/embed884f]
[museopedrodeosma.org/en/wp-json/oembed/1.0/embed2711.json]
[museopedrodeosma.org/en/educacion/index.html]
[museopedrodeosma.org/en/wp-json/oembed/1.0/embedaa14]
[museopedrodeosma.org/en/wp-json/oembed/1.0/embedd7af.json]
[museopedrodeosma.org/en/familias/index.html]
[museopedrodeosma.org/en/wp-json/oembed/1.0/embedbd54]
[museopedrodeosma.org/en/wp-json/oembed/1.0/embed4704.json]
[museopedrodeosma.org/en/adulto-mayor/index.html]
[museopedrodeosma.org/en/wp-json/oembed/1.0/embed5412]
[museopedrodeosma.org/en/wp-json/oembed/1.0/embed9311.json]
[museopedrodeosma.org/en/recursos/index.html]
[museopedrodeosma.org/en/wp-json/oembed/1.0/embedc0cb]
[museopedrodeosma.org/en/wp-json/oembed/1.0/embed6dd2.json]
[museopedrodeosma.org/en/coleccion/index.html]
[museopedrodeosma.org/en/wp-json/oembed/1.0/embedb130]
[museopedrodeosma.org/en/wp-json/oembed/1.0/embede60e.json]
[museopedrodeosma.org/en/temas/index.html]
[museopedrodeosma.org/en/wp-json/oembed/1.0/embed739f]
[museopedrodeosma.org/en/wp-json/oembed/1.0/embedfb9e.json]
[museopedrodeosma.org/en/mapa-de-las-salas-del-museo/index.html]
[museopedrodeosma.org/en/wp-json/oembed/1.0/embed6d21]
[museopedrodeosma.org/en/wp-json/oembed/1.0/embed1525.json]
[museopedrodeosma.org/en/taller-de-restauracion-2/index.html]
[museopedrodeosma.org/en/wp-json/oembed/1.0/embede972]
[museopedrodeosma.org/en/wp-json/oembed/1.0/embed53cc.json]
[museopedrodeosma.org/en/agenda/index.html]
[museopedrodeosma.org/en/wp-json/oembed/1.0/embedfa74]
[museopedrodeosma.org/en/wp-json/oembed/1.0/embed7b85.json]
[museopedrodeosma.org/en/wp-json/oembed/1.0/embed287e]
[museopedrodeosma.org/en/servicios/index.html]
[museopedrodeosma.org/en/wp-json/oembed/1.0/embedc785.json]
[museopedrodeosma.org/en/wp-json/oembed/1.0/embed5f77]
[museopedrodeosma.org/en/eventos-corporativos/index.html]
[museopedrodeosma.org/en/wp-json/oembed/1.0/embedceeb.json]
[museopedrodeosma.org/en/wp-json/oembed/1.0/embedcd1c]
[museopedrodeosma.org/en/sesion-de-fotos-filmaciones/index.html]
[museopedrodeosma.org/en/reproduccion-de-imagen/index.html]
[museopedrodeosma.org/en/taller-de-restauracion/index.html]
[museopedrodeosma.org/index9430.html]
[museopedrodeosma.org/es/el-museo/index.html]
[museopedrodeosma.org/index3661.html]
[museopedrodeosma.org/es/quienes-somos/index.html]
[museopedrodeosma.org/index3e5f.html]
[museopedrodeosma.org/es/historia/index.html]
[museopedrodeosma.org/index26d0.html]
[museopedrodeosma.org/es/quienes-somos-2/index.html]
[museopedrodeosma.org/index4170.html]
[museopedrodeosma.org/en/wp-json/oembed/1.0/embed4339.json]
[museopedrodeosma.org/en/wp-json/oembed/1.0/embed2d30]
[museopedrodeosma.org/es/visitanos/index.html]
[museopedrodeosma.org/recursos-educativos/index.html]
[museopedrodeosma.org/indexdf39.html]
[museopedrodeosma.org/en/wp-json/oembed/1.0/embed3ff4.json]
[museopedrodeosma.org/en/wp-json/oembed/1.0/embedb142]
[museopedrodeosma.org/es/audio-guias/index.html]
[museopedrodeosma.org/indexb86d.html]
[museopedrodeosma.org/en/wp-json/oembed/1.0/embedbc6f.json]
[museopedrodeosma.org/en/wp-json/oembed/1.0/embed9048]
[museopedrodeosma.org/es/educacion/index.html]
[museopedrodeosma.org/indexda0c.html]
[museopedrodeosma.org/en/wp-json/oembed/1.0/embedc9cd.json]
[museopedrodeosma.org/es/familias/index.html]
[museopedrodeosma.org/indexd944.html]
[museopedrodeosma.org/es/adulto-mayor/index.html]
[museopedrodeosma.org/indexcfab.html]
[museopedrodeosma.org/es/recursos/index.html]
[museopedrodeosma.org/indexe9b4.html]
[museopedrodeosma.org/es/coleccion/index.html]
[museopedrodeosma.org/indexb13f.html]
[museopedrodeosma.org/es/temas/index.html]
[museopedrodeosma.org/indexd486.html]
[museopedrodeosma.org/es/mapa-de-las-salas-del-museo/index.html]
[museopedrodeosma.org/indexc58f.html]
[museopedrodeosma.org/es/taller-de-restauracion-2/index.html]
[museopedrodeosma.org/indexd7d8.html]
[museopedrodeosma.org/es/agenda/index.html]
[museopedrodeosma.org/2016/05/16/la-noche-de-los-museos-de-barranco-3era-edicion/index.html]
[museopedrodeosma.org/author/admin/index.html]
[museopedrodeosma.org/2016/04/18/italian-glamour-lima-2016/index.html]
[museopedrodeosma.org/2016/04/18/las-mujeres-en-nuestra-coleccion-recorrido-tematico/index.html]
[museopedrodeosma.org/2016/02/26/harto-arte/index.html]
[museopedrodeosma.org/2016/02/26/vuelve-la-noche-de-los-museos/index.html]
[museopedrodeosma.org/2016/04/index.html]
[museopedrodeosma.org/2016/05/16/index.html]
[museopedrodeosma.org/2016/05/index.html]
[museopedrodeosma.org/2016/02/index.html]
[museopedrodeosma.org/category/uncategorized/index.html]
[museopedrodeosma.org/indexd1a7.html]
[museopedrodeosma.org/es/servicios/index.html]
[museopedrodeosma.org/index0a64.html]
[museopedrodeosma.org/es/eventos-corporativos/index.html]
[museopedrodeosma.org/index8005.html]
[museopedrodeosma.org/es/sesion-de-fotos-filmaciones/index.html]
[museopedrodeosma.org/indexcbbe.html]
[museopedrodeosma.org/es/reproduccion-de-imagen/index.html]
[museopedrodeosma.org/index1ce4.html]
[museopedrodeosma.org/es/taller-de-restauracion/index.html]
[museopedrodeosma.org/en/index9430.html]
[museopedrodeosma.org/en/index3661.html]
[museopedrodeosma.org/en/index3e5f.html]
[museopedrodeosma.org/en/index26d0.html]
[museopedrodeosma.org/en/index4170.html]
[museopedrodeosma.org/en/indexdf39.html]
[museopedrodeosma.org/en/indexb86d.html]
[museopedrodeosma.org/en/indexda0c.html]
[museopedrodeosma.org/en/indexd944.html]
[museopedrodeosma.org/en/indexcfab.html]
[museopedrodeosma.org/en/indexe9b4.html]
[museopedrodeosma.org/en/indexb13f.html]
[museopedrodeosma.org/en/indexd486.html]
[museopedrodeosma.org/en/indexc58f.html]
[museopedrodeosma.org/en/indexd7d8.html]
[museopedrodeosma.org/en/2016/05/16/la-noche-de-los-museos-de-barranco-3era-edicion/index.html]
[museopedrodeosma.org/en/author/admin/index.html]
[museopedrodeosma.org/en/2016/04/18/italian-glamour-lima-2016/index.html]
[museopedrodeosma.org/en/2016/04/18/las-mujeres-en-nuestra-coleccion-recorrido-tematico/index.html]
[museopedrodeosma.org/en/2016/02/26/harto-arte/index.html]
[museopedrodeosma.org/en/2016/02/26/vuelve-la-noche-de-los-museos/index.html]
[museopedrodeosma.org/en/2016/04/index.html]
[museopedrodeosma.org/en/2016/05/16/index.html]
[museopedrodeosma.org/en/2016/05/index.html]
[museopedrodeosma.org/2016/02/26/vuelve-la-noche-de-los-museos/feed/index.html]
[museopedrodeosma.org/wp-json/oembed/1.0/embed69f4]
[museopedrodeosma.org/wp-json/oembed/1.0/embeda384]
[museopedrodeosma.org/category/uncategorized/feed/index.html]
[museopedrodeosma.org/en/2016/05/16/la-noche-de-los-museos-de-barranco-3era-edicion/feed/index.html]
[museopedrodeosma.org/en/wp-json/oembed/1.0/embed5215]
[museopedrodeosma.org/en/wp-json/oembed/1.0/embed721c]
[museopedrodeosma.org/en/author/admin/feed/index.html]
[museopedrodeosma.org/en/2016/04/18/italian-glamour-lima-2016/feed/index.html]
[museopedrodeosma.org/en/wp-json/oembed/1.0/embedc961]
[museopedrodeosma.org/en/wp-json/oembed/1.0/embed768c]
[museopedrodeosma.org/en/2016/04/18/las-mujeres-en-nuestra-coleccion-recorrido-tematico/feed/index.html]
[museopedrodeosma.org/en/wp-json/oembed/1.0/embed0d50]
[museopedrodeosma.org/en/wp-json/oembed/1.0/embed2666]
[museopedrodeosma.org/en/2016/02/26/harto-arte/feed/index.html]
[museopedrodeosma.org/en/wp-json/oembed/1.0/embed2248]
[museopedrodeosma.org/en/wp-json/oembed/1.0/embedcd57]
[museopedrodeosma.org/en/2016/02/26/vuelve-la-noche-de-los-museos/feed/index.html]
[museopedrodeosma.org/en/wp-json/oembed/1.0/embed3879]
[museopedrodeosma.org/en/wp-json/oembed/1.0/embedd378]
[museopedrodeosma.org/en/wp-json/oembed/1.0/embeda4a9]
[museopedrodeosma.org/en/wp-json/oembed/1.0/embed0a9a]
[museopedrodeosma.org/en/wp-json/oembed/1.0/embedfb03]
[museopedrodeosma.org/en/wp-json/oembed/1.0/embedc9ce]
[museopedrodeosma.org/wp-json/oembed/1.0/embed9946]
[museopedrodeosma.org/wp-json/oembed/1.0/embedbccc]
[museopedrodeosma.org/es/2016/02/26/harto-arte/index.html]
[museopedrodeosma.org/2016/02/26/index.html]
[museopedrodeosma.org/index6cd8.html]
[museopedrodeosma.org/es/2016/02/26/vuelve-la-noche-de-los-museos/index.html]
[museopedrodeosma.org/es/2016/04/index.html]
[museopedrodeosma.org/es/2016/05/16/index.html]
[museopedrodeosma.org/es/2016/05/index.html]
[museopedrodeosma.org/es/2016/02/index.html]
[museopedrodeosma.org/es/category/uncategorized/index.html]
[museopedrodeosma.org/en/index4fb0.html]
[museopedrodeosma.org/en/index1f6b.html]
[museopedrodeosma.org/en/2016/04/18/italian-glamour-lima-2016/index8e42.html]
[museopedrodeosma.org/en/2016/04/18/italian-glamour-lima-2016/index267f.html]
[museopedrodeosma.org/en/2016/04/18/italian-glamour-lima-2016/index41b7.html]
[museopedrodeosma.org/en/2016/04/18/italian-glamour-lima-2016/index94a5.html]
[museopedrodeosma.org/en/2016/04/18/italian-glamour-lima-2016/indexfc06.html]
[museopedrodeosma.org/en/2016/04/18/italian-glamour-lima-2016/index6944.html]
[museopedrodeosma.org/en/2016/04/18/index.html]
[museopedrodeosma.org/en/indexd34f.html]
[museopedrodeosma.org/en/indexf785.html]
[museopedrodeosma.org/en/2016/02/26/index.html]
[museopedrodeosma.org/en/index6cd8.html]
[museopedrodeosma.org/en/2016/02/index.html]
[museopedrodeosma.org/en/category/uncategorized/index.html]
[museopedrodeosma.org/en/indexd1a7.html]
[museopedrodeosma.org/en/index0a64.html]
[museopedrodeosma.org/en/index8005.html]
[museopedrodeosma.org/en/indexcbbe.html]
[museopedrodeosma.org/en/index1ce4.html]
[museopedrodeosma.org/2016/05/16/la-noche-de-los-museos-de-barranco-3era-edicion/feed/index.html]
[museopedrodeosma.org/index4fb0.html]
[museopedrodeosma.org/en/category/uncategorized/feed/index.html]
[museopedrodeosma.org/wp-json/oembed/1.0/embedd081]
[museopedrodeosma.org/wp-json/oembed/1.0/embeddefb]
[museopedrodeosma.org/es/2016/05/16/la-noche-de-los-museos-de-barranco-3era-edicion/index.html]
[museopedrodeosma.org/author/admin/feed/index.html]
[museopedrodeosma.org/es/author/admin/index.html]
[museopedrodeosma.org/2016/04/18/italian-glamour-lima-2016/feed/index.html]
[museopedrodeosma.org/index1f6b.html]
[museopedrodeosma.org/wp-json/oembed/1.0/embed1032]
[museopedrodeosma.org/wp-json/oembed/1.0/embed9489]
[museopedrodeosma.org/es/2016/04/18/italian-glamour-lima-2016/index.html]
[1.gravatar.com/avatar/72dd972d5b6498e6d2eb5cd754e10f3d8a63]
[museopedrodeosma.org/2016/04/18/italian-glamour-lima-2016/index8e42.html]
[1.gravatar.com/avatar/af7d9ae02da0abb33fe01252041a9c748a63]
[museopedrodeosma.org/2016/04/18/italian-glamour-lima-2016/index267f.html]
[1.gravatar.com/avatar/41cb9eb6fbdbc4b07a885797fbb350f28a63]
[museopedrodeosma.org/2016/04/18/italian-glamour-lima-2016/index41b7.html]
[museopedrodeosma.org/2016/04/18/italian-glamour-lima-2016/index94a5.html]
[2.gravatar.com/avatar/2cce3fe97e8be396d637768f085c50378a63]
[museopedrodeosma.org/2016/04/18/italian-glamour-lima-2016/indexfc06.html]
[museopedrodeosma.org/2016/04/18/italian-glamour-lima-2016/index6944.html]
[museopedrodeosma.org/2016/04/18/index.html]
[museopedrodeosma.org/2016/04/18/las-mujeres-en-nuestra-coleccion-recorrido-tematico/feed/index.html]
[museopedrodeosma.org/indexd34f.html]
[museopedrodeosma.org/wp-json/oembed/1.0/embedc9af]
[museopedrodeosma.org/wp-json/oembed/1.0/embed3edc]
[museopedrodeosma.org/es/2016/04/18/las-mujeres-en-nuestra-coleccion-recorrido-tematico/index.html]
[museopedrodeosma.org/2016/02/26/harto-arte/feed/index.html]
[museopedrodeosma.org/indexf785.html]
[museopedrodeosma.org/en/wp-json/oembed/1.0/embed9946.json]
[museopedrodeosma.org/en/wp-json/oembed/1.0/embed5844.json]
[museopedrodeosma.org/es/2016/02/26/index.html]
[museopedrodeosma.org/es/2016/04/18/italian-glamour-lima-2016/index8e42.html]
[museopedrodeosma.org/es/2016/04/18/italian-glamour-lima-2016/index267f.html]
[museopedrodeosma.org/es/2016/04/18/italian-glamour-lima-2016/index41b7.html]
[museopedrodeosma.org/es/2016/04/18/italian-glamour-lima-2016/index94a5.html]
[museopedrodeosma.org/es/2016/04/18/italian-glamour-lima-2016/indexfc06.html]
[museopedrodeosma.org/es/2016/04/18/italian-glamour-lima-2016/index6944.html]
[museopedrodeosma.org/es/2016/04/18/index.html]
[museopedrodeosma.org/en/wp-json/oembed/1.0/embedd081.json]
[museopedrodeosma.org/en/wp-json/oembed/1.0/embed7c1a.json]
[museopedrodeosma.org/en/wp-json/oembed/1.0/embed1032.json]
[museopedrodeosma.org/en/wp-json/oembed/1.0/embed6b91.json]
[museopedrodeosma.org/en/wp-json/oembed/1.0/embedc9af.json]
[museopedrodeosma.org/en/wp-json/oembed/1.0/embedb966.json]
[museopedrodeosma.org/wp-content/uploads/useanyfont/160328034521mi-fuente.eot]
[museopedrodeosma.org/wp-content/uploads/useanyfont/160328034521mi-fuente.woff]
[museopedrodeosma.org/wp-content/uploads/useanyfont/uafeebb.css]
[museopedrodeosma.org/wp-content/plugins/wc-gallery/includes/css/style1348.css]
[museopedrodeosma.org/wp-content/plugins/wc-gallery/includes/css/magnific-popupe2dc.css]
[museopedrodeosma.org/wp-content/plugins/wc-gallery/includes/vendors/flexslider/images/slide-arrow-left.png]
[museopedrodeosma.org/wp-content/plugins/wc-gallery/includes/vendors/flexslider/images/slide-arrow-right.png]
[museopedrodeosma.org/wp-content/plugins/wc-gallery/includes/vendors/flexslider/flexslider0875.css]
[api.at.getsocial.io/widget/v1/gs_async5445.js]
[museopedrodeosma.org/wp-content/plugins/wc-gallery/includes/vendors/owlcarousel/assets/owl.video.play.png]
[museopedrodeosma.org/wp-content/plugins/wc-gallery/includes/vendors/owlcarousel/assets/owl.carousel1598.css]
[museopedrodeosma.org/wp-content/plugins/wc-gallery/includes/vendors/owlcarousel/assets/slide-arrow-right.png]
[museopedrodeosma.org/wp-content/plugins/wc-gallery/includes/vendors/owlcarousel/assets/owl.theme.default1598.css]
[museopedrodeosma.org/wp-content/plugins/wc-gallery/includes/vendors/owlcarousel/assets/slide-arrow-left.png]
[museopedrodeosma.org/wp-content/themes/Divi 2.5.5/Divi-2.5.5/includes/builder/fonts/ETmodules_v2_4.eot]
[museopedrodeosma.org/wp-content/themes/Divi 2.5.5/Divi-2.5.5/includes/builder/fonts/ETmodules_v2_4d41d.eot]
[museopedrodeosma.org/wp-content/themes/Divi 2.5.5/Divi-2.5.5/includes/builder/fonts/ETmodules_v2_4.ttf]
[museopedrodeosma.org/wp-content/themes/Divi 2.5.5/Divi-2.5.5/includes/builder/fonts/ETmodules_v2_4.woff]
[museopedrodeosma.org/wp-content/themes/Divi 2.5.5/Divi-2.5.5/includes/builder/styles/images/subscribe-loader.gif]
[museopedrodeosma.org/wp-content/themes/Divi 2.5.5/Divi-2.5.5/includes/builder/styles/images/preloader.gif]
[museopedrodeosma.org/wp-content/themes/Divi 2.5.5/Divi-2.5.5/style4468.css]
[museopedrodeosma.org/wp-content/themes/Divi 2.5.5/Divi-2.5.5/epanel/shortcodes/images/shortcodes-sprite.png]
[museopedrodeosma.org/wp-content/themes/Divi 2.5.5/Divi-2.5.5/epanel/shortcodes/css/shortcodes6aec.css]
[museopedrodeosma.org/wp-content/themes/Divi 2.5.5/Divi-2.5.5/epanel/shortcodes/css/shortcodes_responsive6aec.css]
[museopedrodeosma.org/wp-content/themes/Divi 2.5.5/Divi-2.5.5/includes/builder/styles/magnific_popup4468.css]
[museopedrodeosma.org/wp-content/plugins/responsive-tabs-pro/img/dktbs_menu.png]
[museopedrodeosma.org/wp-content/plugins/responsive-tabs-pro/css/rtbs_style.mincb20.css]
[museopedrodeosma.org/xmlrpc0db0.html]
[maxcdn.bootstrapcdn.com/font-awesome/4.5.0/fonts/fontawesome-webfont3295.svg]
[maxcdn.bootstrapcdn.com/font-awesome/4.5.0/css/font-awesome.min.css]
[museopedrodeosma.org/es/index.html]
[museopedrodeosma.org/el-museo/index.html]
[museopedrodeosma.org/wp-content/plugins/lightweight-social-icons/fonts/fontelloc053.eot]
[museopedrodeosma.org/wp-content/plugins/lightweight-social-icons/fonts/fontelloc053.woff]
[museopedrodeosma.org/en/feed/index.html]
[museopedrodeosma.org/wp-content/plugins/lightweight-social-icons/fonts/fontelloc053.ttf]
[museopedrodeosma.org/en/comments/feed/index.html]
[museopedrodeosma.org/wp-content/plugins/lightweight-social-icons/css/style.css]
[museopedrodeosma.org/en/wp-json/index.html]
[museopedrodeosma.org/en/el-museo/index.html]
[museopedrodeosma.org/index9430.html]
[museopedrodeosma.org/es/el-museo/index.html]
[museopedrodeosma.org/index3661.html]
[museopedrodeosma.org/es/quienes-somos/index.html]
[museopedrodeosma.org/index3e5f.html]
[museopedrodeosma.org/es/historia/index.html]
[museopedrodeosma.org/index26d0.html]
[museopedrodeosma.org/es/quienes-somos-2/index.html]
[museopedrodeosma.org/index4170.html]
[museopedrodeosma.org/recursos-educativos/index.html]
[museopedrodeosma.org/indexda0c.html]
[museopedrodeosma.org/es/familias/index.html]
[museopedrodeosma.org/wp-json/oembed/1.0/embed6e33.json]
[museopedrodeosma.org/indexd944.html]
[museopedrodeosma.org/es/adulto-mayor/index.html]
[museopedrodeosma.org/indexcfab.html]
[museopedrodeosma.org/es/recursos/index.html]
[museopedrodeosma.org/wp-json/oembed/1.0/embed5ff7.json]
[museopedrodeosma.org/ckfinder/userfiles/files/inicial Pre visita(1).html]
[museopedrodeosma.org/wp-json/oembed/1.0/embed6cad]
[museopedrodeosma.org/ckfinder/userfiles/files/inicial Post visita(1).html]
[museopedrodeosma.org/ckfinder/userfiles/files/Previsita primaria-Creando símbolos - FINAL.html]
[museopedrodeosma.org/wp-json/oembed/1.0/embed67a2.json]
[museopedrodeosma.org/ckfinder/userfiles/files/Postvisita primaria-HablaPalabra - FINAL.html]
[museopedrodeosma.org/wp-json/oembed/1.0/embed3c06]
[museopedrodeosma.org/ckfinder/userfiles/files/pre visita secundaria - teatro - FINAL(1).html]
[museopedrodeosma.org/ckfinder/userfiles/files/post visita secundaria - caleidoscopio FINAL.html]
[museopedrodeosma.org/es/coleccion/index.html]
[museopedrodeosma.org/indexb13f.html]
[museopedrodeosma.org/es/temas/index.html]
[museopedrodeosma.org/es/mapa-de-las-salas-del-museo/index.html]
[museopedrodeosma.org/wp-json/oembed/1.0/embed5804.json]
[museopedrodeosma.org/indexc58f.html]
[museopedrodeosma.org/wp-json/oembed/1.0/embedd311.json]
[museopedrodeosma.org/es/taller-de-restauracion-2/index.html]
[museopedrodeosma.org/indexd7d8.html]
[museopedrodeosma.org/es/agenda/index.html]
[museopedrodeosma.org/author/admin/index.html]
[museopedrodeosma.org/2016/04/18/las-mujeres-en-nuestra-coleccion-recorrido-tematico/index.html]
[museopedrodeosma.org/2016/02/26/harto-arte/index.html]
[museopedrodeosma.org/2016/02/26/vuelve-la-noche-de-los-museos/index.html]
[museopedrodeosma.org/2016/04/index.html]
[museopedrodeosma.org/indexd1a7.html]
[museopedrodeosma.org/es/servicios/index.html]
[museopedrodeosma.org/index0a64.html]
[museopedrodeosma.org/es/eventos-corporativos/index.html]
[museopedrodeosma.org/index8005.html]
[museopedrodeosma.org/es/sesion-de-fotos-filmaciones/index.html]
[museopedrodeosma.org/indexcbbe.html]
[museopedrodeosma.org/es/reproduccion-de-imagen/index.html]
[museopedrodeosma.org/index1ce4.html]
[museopedrodeosma.org/wp-json/oembed/1.0/embed5b62.json]
[museopedrodeosma.org/es/taller-de-restauracion/index.html]
[museopedrodeosma.org/en/index9430.html]
[museopedrodeosma.org/en/wp-json/oembed/1.0/embed8f76.json]
[museopedrodeosma.org/en/index3661.html]
[museopedrodeosma.org/en/wp-json/oembed/1.0/embed9ec7.json]
[museopedrodeosma.org/en/index3e5f.html]
[museopedrodeosma.org/en/index26d0.html]
[museopedrodeosma.org/en/wp-json/oembed/1.0/embedd6b8.json]
[museopedrodeosma.org/en/index4170.html]
[museopedrodeosma.org/en/wp-json/oembed/1.0/embed9c84.json]
[museopedrodeosma.org/en/indexdf39.html]
[museopedrodeosma.org/en/indexb86d.html]
[museopedrodeosma.org/en/wp-json/oembed/1.0/embed2711.json]
[museopedrodeosma.org/en/indexda0c.html]
[museopedrodeosma.org/en/wp-json/oembed/1.0/embedd7af.json]
[museopedrodeosma.org/en/indexd944.html]
[museopedrodeosma.org/en/wp-json/oembed/1.0/embed9311.json]
[museopedrodeosma.org/en/indexcfab.html]
[museopedrodeosma.org/en/wp-json/oembed/1.0/embedc0cb]
[museopedrodeosma.org/en/indexe9b4.html]
[museopedrodeosma.org/en/wp-json/oembed/1.0/embed6dd2.json]
[museopedrodeosma.org/en/indexb13f.html]
[museopedrodeosma.org/en/wp-json/oembed/1.0/embedb130]
[museopedrodeosma.org/en/indexd486.html]
[museopedrodeosma.org/en/wp-json/oembed/1.0/embedfb9e.json]
[museopedrodeosma.org/en/wp-json/oembed/1.0/embed6d21]
[museopedrodeosma.org/en/wp-json/oembed/1.0/embed1525.json]
[museopedrodeosma.org/en/indexc58f.html]
[museopedrodeosma.org/en/wp-json/oembed/1.0/embede972]
[museopedrodeosma.org/en/wp-json/oembed/1.0/embedfa74]
[museopedrodeosma.org/en/wp-json/oembed/1.0/embed53cc.json]
[museopedrodeosma.org/en/wp-json/oembed/1.0/embed287e]
[museopedrodeosma.org/en/indexd7d8.html]
[museopedrodeosma.org/en/wp-json/oembed/1.0/embed7b85.json]
[museopedrodeosma.org/en/wp-json/oembed/1.0/embedc785.json]
[museopedrodeosma.org/en/wp-json/oembed/1.0/embed5f77]
[museopedrodeosma.org/en/wp-json/oembed/1.0/embedceeb.json]
[museopedrodeosma.org/en/wp-json/oembed/1.0/embedcd1c]
[museopedrodeosma.org/en/2016/05/16/la-noche-de-los-museos-de-barranco-3era-edicion/index.html]
[museopedrodeosma.org/en/index0a64.html]
[museopedrodeosma.org/en/wp-json/oembed/1.0/embed5215]
[museopedrodeosma.org/en/2016/05/16/la-noche-de-los-museos-de-barranco-3era-edicion/feed/index.html]
[museopedrodeosma.org/en/wp-json/oembed/1.0/embed721c]
[museopedrodeosma.org/en/index8005.html]
[museopedrodeosma.org/en/author/admin/feed/index.html]
[museopedrodeosma.org/en/2016/04/18/italian-glamour-lima-2016/feed/index.html]
[museopedrodeosma.org/en/indexcbbe.html]
[museopedrodeosma.org/en/wp-json/oembed/1.0/embedc961]
[museopedrodeosma.org/en/wp-json/oembed/1.0/embed768c]
[museopedrodeosma.org/en/2016/04/18/las-mujeres-en-nuestra-coleccion-recorrido-tematico/feed/index.html]
[museopedrodeosma.org/en/wp-json/oembed/1.0/embed0d50]
[museopedrodeosma.org/en/wp-json/oembed/1.0/embed2666]
[museopedrodeosma.org/en/wp-json/oembed/1.0/embed2248]
[museopedrodeosma.org/en/2016/02/26/harto-arte/feed/index.html]
[museopedrodeosma.org/index6cd8.html]
[museopedrodeosma.org/en/wp-json/oembed/1.0/embedcd57]
[museopedrodeosma.org/en/2016/02/26/vuelve-la-noche-de-los-museos/feed/index.html]
[museopedrodeosma.org/es/2016/02/26/vuelve-la-noche-de-los-museos/index.html]
[museopedrodeosma.org/en/wp-json/oembed/1.0/embed3879]
[museopedrodeosma.org/en/wp-json/oembed/1.0/embedd378]
[museopedrodeosma.org/en/wp-json/oembed/1.0/embeda4a9]
[museopedrodeosma.org/en/wp-json/oembed/1.0/embed0a9a]
[museopedrodeosma.org/es/category/uncategorized/index.html]
[museopedrodeosma.org/en/wp-json/oembed/1.0/embedc9ce]
[museopedrodeosma.org/en/wp-json/oembed/1.0/embedfb03]
[museopedrodeosma.org/en/index4fb0.html]
[museopedrodeosma.org/en/category/uncategorized/feed/index.html]
[museopedrodeosma.org/en/index1f6b.html]
[museopedrodeosma.org/en/2016/04/18/italian-glamour-lima-2016/index8e42.html]
[museopedrodeosma.org/en/indexd34f.html]
[museopedrodeosma.org/en/indexf785.html]
[museopedrodeosma.org/en/2016/02/26/index.html]
[museopedrodeosma.org/en/index6cd8.html]
[museopedrodeosma.org/en/2016/02/index.html]
[museopedrodeosma.org/en/index1ce4.html]
[museopedrodeosma.org/2016/05/16/la-noche-de-los-museos-de-barranco-3era-edicion/feed/index.html]
[museopedrodeosma.org/en/wp-json/oembed/1.0/embedd081.json]
[museopedrodeosma.org/wp-content/themes/Divi 2.5.5/Divi-2.5.5/includes/builder/fonts/ETmodules_v2_4.svg]
[maxcdn.bootstrapcdn.com/font-awesome/4.5.0/fonts/fontawesome-webfont3295.svg]
[fonts.googleapis.com/cssb8af.css]
[museopedrodeosma.org/wp-content/uploads/2016/04/82.0.2330_Ta.jpg]
[museopedrodeosma.org/wp-content/plugins/lightweight-social-icons/fonts/fontelloc053.svg]
[museopedrodeosma.org/wp-content/uploads/2016/05/Post-fb-01-web-1.jpg]
[museopedrodeosma.org/wp-includes/js/comment-reply.mincb20.js]
[museopedrodeosma.org/wp-content/uploads/2016/04/Italian-Glamour3.jpg]
[museopedrodeosma.org/wp-content/uploads/2016/02/blog2.jpg]
[museopedrodeosma.org/wp-content/uploads/2016/02/blog1.jpg]
